[DATA_POINT]
1="HTTP_301"
2="tcp_connect"
3="tcp_connection_count"
4="mic_recv"
5="HTTP_200"
6="mic_pgs"
7="tcp_shutdown"
8="RETRY_KEEP_ALIVE"
[END_TRANSACTION]
10="http://127.0.0.1:1080/cgi-bin/nav.pl?in=home"
11="WebTours_Action_4"
12="login_transaction"
13="http://127.0.0.1:1080/cgi-bin/login.pl"
14="http://127.0.0.1:1080/WebTours/images/flights.gif"
15="http://127.0.0.1:1080/WebTours/images/itinerary.gif"
16="http://127.0.0.1:1080/WebTours/images/in_home.gif"
17="http://127.0.0.1:1080/WebTours/images/signoff.gif"
18="http://127.0.0.1:1080/cgi-bin/nav.pl?page=menu&in=home"
19="http://127.0.0.1:1080/cgi-bin/login.pl?intro=true"
1="vuser_init_Transaction"
2="http://127.0.0.1:1080/WebTours"
3="http://127.0.0.1:1080/WebTours/"
4="http://127.0.0.1:1080/WebTours/header.html"
5="http://127.0.0.1:1080/WebTours/images/hp_logo.png"
6="http://127.0.0.1:1080/WebTours/images/webtours.png"
20="login.pl_Action_19"
7="http://127.0.0.1:1080/cgi-bin/welcome.pl?signOff=true"
21="Action_Transaction"
8="http://127.0.0.1:1080/WebTours/home.html"
22="http://127.0.0.1:1080/cgi-bin/welcome.pl?signOff=1"
9="http://127.0.0.1:1080/WebTours/images/mer_login.gif"
23="SignOff_Button_Action_32"
24="vuser_end_Transaction"
